wandb: Currently logged in as: cwp2001 (cwp2001-seoul-national-university). Use `wandb login --relogin` to force relogin
wandb: wandb version 0.19.8 is available!  To upgrade, please run:
wandb:  $ pip install wandb --upgrade
wandb: Tracking run with wandb version 0.15.8
wandb: Run data is saved locally in ./wandb/run-20250322_122230-md3wtigq
wandb: Run `wandb offline` to turn off syncing.
wandb: Syncing run fm_pairformer_prmsd
wandb: ⭐️ View project at https://wandb.ai/cwp2001-seoul-national-university/se3-fm
wandb: 🚀 View run at https://wandb.ai/cwp2001-seoul-national-university/se3-fm/runs/md3wtigq
GPU available: True (cuda), used: True
TPU available: False, using: 0 TPU cores
IPU available: False, using: 0 IPUs
HPU available: False, using: 0 HPUs
Initializing distributed: GLOBAL_RANK: 0, MEMBER: 1/1
----------------------------------------------------------------------------------------------------
distributed_backend=nccl
All distributed processes registered. Starting with 1 processes
----------------------------------------------------------------------------------------------------

LOCAL_RANK: 0 - CUDA_VISIBLE_DEVICES: [0]

  | Name  | Type      | Params
------------------------------------
0 | model | FlowModel | 19.0 M
------------------------------------
19.0 M    Trainable params
0         Non-trainable params
19.0 M    Total params
75.937    Total estimated model params size (MB)
[W reducer.cpp:1300] Warning: find_unused_parameters=True was specified in DDP constructor, but did not find any unused parameters in the forward pass. This flag results in an extra traversal of the autograd graph every iteration,  which can adversely affect performance. If your model indeed never has any unused parameters in the forward pass, consider turning this flag off. Note that this warning may be a false positive if your model has flow control causing later iterations to have unused parameters. (function operator())
slurmstepd: error: *** JOB 780212 ON gpu03 CANCELLED AT 2025-03-22T17:29:02 ***
