wandb: Currently logged in as: cwp2001 (cwp2001-seoul-national-university). Use `wandb login --relogin` to force relogin
wandb: wandb version 0.21.3 is available!  To upgrade, please run:
wandb:  $ pip install wandb --upgrade
wandb: Tracking run with wandb version 0.15.8
wandb: Run data is saved locally in ./wandb/run-20250902_173622-86oj3zus
wandb: Run `wandb offline` to turn off syncing.
wandb: Syncing run CDRFlow_v2.0.1_sc_loss_schedule_bond_angle
wandb: ⭐️ View project at https://wandb.ai/cwp2001-seoul-national-university/v2.0.0
wandb: 🚀 View run at https://wandb.ai/cwp2001-seoul-national-university/v2.0.0/runs/86oj3zus
/home/psh/mambaforge/envs/fm/lib/python3.10/site-packages/lightning_fabric/plugins/environments/slurm.py:168: PossibleUserWarning: The `srun` command is available on your system but is not used. HINT: If your intention is to run Lightning on SLURM, prepend your python command with `srun` like so: srun python3.10 /home/psh/protein-frame-flow/experiments/train_s ...
  rank_zero_warn(
GPU available: True (cuda), used: True
TPU available: False, using: 0 TPU cores
IPU available: False, using: 0 IPUs
HPU available: False, using: 0 HPUs
Initializing distributed: GLOBAL_RANK: 0, MEMBER: 1/1
----------------------------------------------------------------------------------------------------
distributed_backend=nccl
All distributed processes registered. Starting with 1 processes
----------------------------------------------------------------------------------------------------

/home/psh/mambaforge/envs/fm/lib/python3.10/site-packages/pytorch_lightning/callbacks/model_checkpoint.py:617: UserWarning: Checkpoint directory /home/psh/protein-frame-flow/ckpt/v2.0.0/CDRFlow_v2.0.1_sc_loss_schedule_bond_angle/2025-09-02_17-36-19 exists and is not empty.
  rank_zero_warn(f"Checkpoint directory {dirpath} exists and is not empty.")
LOCAL_RANK: 0 - CUDA_VISIBLE_DEVICES: [0]

  | Name  | Type      | Params
------------------------------------
0 | model | FlowModel | 12.9 M
------------------------------------
12.9 M    Trainable params
0         Non-trainable params
12.9 M    Total params
51.782    Total estimated model params size (MB)
/home/psh/mambaforge/envs/fm/lib/python3.10/site-packages/pytorch_lightning/trainer/connectors/data_connector.py:438: PossibleUserWarning: The dataloader, val_dataloader, does not have many workers which may be a bottleneck. Consider increasing the value of the `num_workers` argument` (try 128 which is the number of cpus on this machine) in the `DataLoader` init to improve performance.
  rank_zero_warn(
/home/psh/protein-frame-flow/data/datasets.py:301: UserWarning: To copy construct from a tensor, it is recommended to use sourceTensor.clone().detach() or sourceTensor.clone().detach().requires_grad_(True), rather than torch.tensor(sourceTensor).
  feats['rotmats_1'] = torch.tensor(rigids_1.get_rots().get_rot_mats(), device=rigids_1.device)
/home/psh/protein-frame-flow/data/datasets.py:302: UserWarning: To copy construct from a tensor, it is recommended to use sourceTensor.clone().detach() or sourceTensor.clone().detach().requires_grad_(True), rather than torch.tensor(sourceTensor).
  feats['trans_1'] = torch.tensor(rigids_1.get_trans(), device=rigids_1.device)
/home/psh/protein-frame-flow/data/motif_index.py:422: UserWarning: To copy construct from a tensor, it is recommended to use sourceTensor.clone().detach() or sourceTensor.clone().detach().requires_grad_(True), rather than torch.tensor(sourceTensor).
  residue_index = torch.tensor(residue_index)
